// Jest Snapshot v1, https://goo.gl/fbAQLP

exports[`PageNotFoundComponent snapshot test 1`] = `
<div
  id="root1"
>
  <h1>
     Page Not Found!!

  </h1>
</div>
`;
